// Jest Snapshot v1, https://goo.gl/fbAQLP

exports[`redux-fluent E2E should add a todo 1`] = `
Array [
  Object {
    "id": "first-todo-id",
    "status": "pending",
  },
]
`;

exports[`redux-fluent E2E should delete a todo 1`] = `
Array [
  Object {
    "id": "first-todo-id",
    "status": "pending",
  },
]
`;

exports[`redux-fluent E2E should delete a todo 2`] = `
Array [
  Object {
    "id": "first-todo-id",
    "status": "pending",
  },
]
`;

exports[`redux-fluent E2E should delete a todo 3`] = `Array []`;
